=== Testing parseAppleOrderEmail ===

Input text length: 235 characters

Parsed result:
[
  {
    "orderNumber": "W1528936835",
    "orderDate": "2026/01/14",
    "modelName": "iPhone 17 Pro",
    "storage": "256GB",
    "color": "繧ｳ繧ｺ繝溘ャ繧ｯ繧ｪ繝ｬ繝ｳ繧ｸ",
    "price": 179800,
    "deliveryStart": "2026/01/16",
    "deliveryEnd": "2026/01/17",
    "paymentCard": ""
  }
]

--- Summary ---
Orders found: 1

笨・SUCCESS - Parser extracted order information

Order 1:
  Order Number: W1528936835
  Order Date: 2026/01/14
  Model: iPhone 17 Pro
  Storage: 256GB
  Color: 繧ｳ繧ｺ繝溘ャ繧ｯ繧ｪ繝ｬ繝ｳ繧ｸ
  Price: 179800
  Delivery Start: 2026/01/16
  Delivery End: 2026/01/17
  Payment Card: (not in test data)
